// Jest Snapshot v1, https://goo.gl/fbAQLP

exports[`tests on GifItem should match with snapshot 1`] = `
<div>
  <div
    class="card"
  >
    <img
      alt="One Punch"
      src="https://blablabla.com"
    />
    <p>
      One Punch
    </p>
  </div>
</div>
`;
