// Jest Snapshot v1, https://goo.gl/fbAQLP

exports[`tests in GifItem should match with snapshot 1`] = `
<div>
  <div
    class="card"
  >
    <img
      alt="Un puño"
      src="https://blablabla.com/saitama.jpg"
    />
    <p>
      Un puño
    </p>
  </div>
</div>
`;
